kotlin version: 2.1.0
error message: org.jetbrains.kotlin.util.FileAnalysisException: Somewhere in file C:/Users/typhoon/AndroidStudioProjects/Todo/composeApp/src/commonMain/kotlin/com/typ/todo/domain/RequestState.kt: java.lang.NoSuchMethodError: 'org.jetbrains.kotlin.fir.types.ConeKotlinType org.jetbrains.kotlin.fir.types.FirResolvedTypeRef.getType()'
	at org.jetbrains.kotlin.util.AnalysisExceptionsKt.wrapIntoFileAnalysisExceptionIfNeeded(AnalysisExceptions.kt:62)
	at org.jetbrains.kotlin.fir.FirCliExceptionHandler.handleExceptionOnFileAnalysis(Utils.kt:249)
	at org.jetbrains.kotlin.fir.resolve.transformers.plugin.FirCompanionGenerationTransformer.transformFile(FirCompanionGenerationProcessor.kt:100)
	at org.jetbrains.kotlin.fir.resolve.transformers.plugin.FirCompanionGenerationTransformer.transformFile(FirCompanionGenerationProcessor.kt:37)
	at org.jetbrains.kotlin.fir.declarations.FirFile.transform(FirFile.kt:46)
	at org.jetbrains.kotlin.fir.resolve.transformers.FirTransformerBasedResolveProcessor.processFile(FirResolveProcessor.kt:48)
	at org.jetbrains.kotlin.fir.resolve.transformers.FirTotalResolveProcessor.process(FirTotalResolveProcessor.kt:36)
	at org.jetbrains.kotlin.fir.pipeline.AnalyseKt.runResolution(analyse.kt:24)
	at org.jetbrains.kotlin.fir.pipeline.FirUtilsKt.resolveAndCheckFir(firUtils.kt:76)
	at org.jetbrains.kotlin.cli.metadata.AbstractFirMetadataSerializer.analyze(AbstractFirMetadataSerializer.kt:116)
	at org.jetbrains.kotlin.cli.metadata.AbstractFirMetadataSerializer.analyze(AbstractFirMetadataSerializer.kt:45)
	at org.jetbrains.kotlin.cli.metadata.AbstractMetadataSerializer.analyzeAndSerialize(AbstractMetadataSerializer.kt:34)
	at org.jetbrains.kotlin.cli.metadata.KotlinMetadataCompiler.doExecute(KotlinMetadataCompiler.kt:139)
	at org.jetbrains.kotlin.cli.metadata.KotlinMetadataCompiler.doExecute(KotlinMetadataCompiler.kt:48)
	at org.jetbrains.kotlin.cli.common.CLICompiler.execImpl(CLICompiler.kt:102)
	at org.jetbrains.kotlin.cli.common.CLICompiler.exec(CLICompiler.kt:316)
	at org.jetbrains.kotlin.daemon.CompileServiceImpl.compile(CompileServiceImpl.kt:1554)
	at java.base/jdk.internal.reflect.DirectMethodHandleAccessor.invoke(Unknown Source)
	at java.base/java.lang.reflect.Method.invoke(Unknown Source)
	at java.rmi/sun.rmi.server.UnicastServerRef.dispatch(Unknown Source)
	at java.rmi/sun.rmi.transport.Transport$1.run(Unknown Source)
	at java.rmi/sun.rmi.transport.Transport$1.run(Unknown Source)
	at java.base/java.security.AccessController.doPrivileged(Unknown Source)
	at java.rmi/sun.rmi.transport.Transport.serviceCall(Unknown Source)
	at java.rmi/sun.rmi.transport.tcp.TCPTransport.handleMessages(Unknown Source)
	at java.rmi/sun.rmi.transport.tcp.TCPTransport$ConnectionHandler.run0(Unknown Source)
	at java.rmi/sun.rmi.transport.tcp.TCPTransport$ConnectionHandler.lambda$run$0(Unknown Source)
	at java.base/java.security.AccessController.doPrivileged(Unknown Source)
	at java.rmi/sun.rmi.transport.tcp.TCPTransport$ConnectionHandler.run(Unknown Source)
	at java.base/java.util.concurrent.ThreadPoolExecutor.runWorker(Unknown Source)
	at java.base/java.util.concurrent.ThreadPoolExecutor$Worker.run(Unknown Source)
	at java.base/java.lang.Thread.run(Unknown Source)
Caused by: java.lang.NoSuchMethodError: 'org.jetbrains.kotlin.fir.types.ConeKotlinType org.jetbrains.kotlin.fir.types.FirResolvedTypeRef.getType()'
	at io.realm.kotlin.compiler.IrUtilsKt.isBaseRealmObject(IrUtils.kt:226)
	at io.realm.kotlin.compiler.fir.model.CompanionExtension.getNestedClassifiersNames(CompanionExtension.kt:45)
	at org.jetbrains.kotlin.fir.scopes.impl.FirGeneratedMemberDeclarationsStorage.getClassifierStorage$providers(FirGeneratedScopes.kt:170)
	at org.jetbrains.kotlin.fir.scopes.impl.FirGeneratedClassNestedClassifierScope$Companion.create(FirGeneratedScopes.kt:126)
	at org.jetbrains.kotlin.fir.scopes.impl.FirDeclaredMemberScopeProvider.createNestedClassifierScope(FirDeclaredMemberScopeProvider.kt:103)
	at org.jetbrains.kotlin.fir.scopes.impl.FirDeclaredMemberScopeProvider.access$createNestedClassifierScope(FirDeclaredMemberScopeProvider.kt:25)
	at org.jetbrains.kotlin.fir.scopes.impl.FirDeclaredMemberScopeProvider$nestedClassifierCache$1.invoke(FirDeclaredMemberScopeProvider.kt:33)
	at org.jetbrains.kotlin.fir.scopes.impl.FirDeclaredMemberScopeProvider$nestedClassifierCache$1.invoke(FirDeclaredMemberScopeProvider.kt:33)
	at org.jetbrains.kotlin.fir.caches.FirThreadUnsafeCache.getValue(FirThreadUnsafeCachesFactory.kt:40)
	at org.jetbrains.kotlin.fir.scopes.impl.FirDeclaredMemberScopeProvider.nestedClassifierScope(FirDeclaredMemberScopeProvider.kt:161)
	at org.jetbrains.kotlin.fir.scopes.impl.FirDeclaredMemberScopeProviderKt.nestedClassifierScope(FirDeclaredMemberScopeProvider.kt:146)
	at org.jetbrains.kotlin.fir.extensions.FirExtensionDeclarationsSymbolProvider.generateClassLikeDeclaration(FirExtensionDeclarationsSymbolProvider.kt:107)
	at org.jetbrains.kotlin.fir.extensions.FirExtensionDeclarationsSymbolProvider.access$generateClassLikeDeclaration(FirExtensionDeclarationsSymbolProvider.kt:27)
	at org.jetbrains.kotlin.fir.extensions.FirExtensionDeclarationsSymbolProvider$classCache$1.invoke(FirExtensionDeclarationsSymbolProvider.kt:44)
	at org.jetbrains.kotlin.fir.extensions.FirExtensionDeclarationsSymbolProvider$classCache$1.invoke(FirExtensionDeclarationsSymbolProvider.kt:43)
	at org.jetbrains.kotlin.fir.caches.FirThreadUnsafeCache.getValue(FirThreadUnsafeCachesFactory.kt:40)
	at org.jetbrains.kotlin.fir.extensions.FirExtensionDeclarationsSymbolProvider.getClassLikeSymbolByClassId(FirExtensionDeclarationsSymbolProvider.kt:250)
	at org.jetbrains.kotlin.fir.extensions.FirSwitchableExtensionDeclarationsSymbolProvider.getClassLikeSymbolByClassId(FirSwitchableExtensionDeclarationsSymbolProvider.kt:62)
	at org.jetbrains.kotlin.fir.resolve.transformers.plugin.FirCompanionGenerationTransformer.generateCompanion(FirCompanionGenerationProcessor.kt:78)
	at org.jetbrains.kotlin.fir.resolve.transformers.plugin.FirCompanionGenerationTransformer.generateAndUpdateCompanion(FirCompanionGenerationProcessor.kt:59)
	at org.jetbrains.kotlin.fir.resolve.transformers.plugin.FirCompanionGenerationTransformer.transformRegularClass(FirCompanionGenerationProcessor.kt:54)
	at org.jetbrains.kotlin.fir.resolve.transformers.plugin.FirCompanionGenerationTransformer.transformRegularClass(FirCompanionGenerationProcessor.kt:37)
	at org.jetbrains.kotlin.fir.declarations.FirRegularClass.transform(FirRegularClass.kt:52)
	at org.jetbrains.kotlin.fir.visitors.FirTransformerUtilKt.transformInplace(FirTransformerUtil.kt:20)
	at org.jetbrains.kotlin.fir.declarations.impl.FirFileImpl.transformDeclarations(FirFileImpl.kt:80)
	at org.jetbrains.kotlin.fir.declarations.impl.FirFileImpl.transformDeclarations(FirFileImpl.kt:29)
	at org.jetbrains.kotlin.fir.resolve.transformers.plugin.FirCompanionGenerationTransformer.transformFile(FirCompanionGenerationProcessor.kt:49)
	... 29 more


